Info: Saved "inez.blend"
Info: Saved "inez_dressed_v03.blend"
ERROR Draco mesh compression is not available because library could not be found at /usr/bin/4.3/python/lib/python3.13/site-packages/libextern_draco.so
09:35:24 | INFO: Starting glTF 2.0 export
09:35:24 | INFO: Extracting primitive: Inez_Boot_Eyelet_L_0_-1_Geometry
09:35:24 | INFO: Primitives created: 1
09:35:24 | INFO: Extracting primitive: Inez_Boot_Eyelet_L_0_1_Geometry
09:35:24 | INFO: Primitives created: 1
09:35:24 | INFO: Extracting primitive: Inez_Boot_Eyelet_L_1_-1_Geometry
09:35:24 | INFO: Primitives created: 1
09:35:24 | INFO: Extracting primitive: Inez_Boot_Eyelet_L_1_1_Geometry
09:35:24 | INFO: Primitives created: 1
09:35:24 | INFO: Extracting primitive: Inez_Boot_Eyelet_L_2_-1_Geometry
09:35:24 | INFO: Primitives created: 1
09:35:24 | INFO: Extracting primitive: Inez_Boot_Eyelet_L_2_1_Geometry
09:35:24 | INFO: Primitives created: 1
09:35:24 | INFO: Extracting primitive: Inez_Boot_Eyelet_L_3_-1_Geometry
09:35:24 | INFO: Primitives created: 1
09:35:24 | INFO: Extracting primitive: Inez_Boot_Eyelet_L_3_1_Geometry
09:35:24 | INFO: Primitives created: 1
09:35:24 | INFO: Extracting primitive: Inez_Boot_Eyelet_L_4_-1_Geometry
09:35:24 | INFO: Primitives created: 1
09:35:24 | INFO: Extracting primitive: Inez_Boot_Eyelet_L_4_1_Geometry
09:35:24 | INFO: Primitives created: 1
09:35:24 | INFO: Extracting primitive: Inez_Boot_Eyelet_L_5_-1_Geometry
09:35:24 | INFO: Primitives created: 1
09:35:24 | INFO: Extracting primitive: Inez_Boot_Eyelet_L_5_1_Geometry
09:35:24 | INFO: Primitives created: 1
09:35:24 | INFO: Extracting primitive: Inez_Boot_Eyelet_L_6_-1_Geometry
09:35:24 | INFO: Primitives created: 1
09:35:24 | INFO: Extracting primitive: Inez_Boot_Eyelet_L_6_1_Geometry
09:35:24 | INFO: Primitives created: 1
09:35:24 | INFO: Extracting primitive: Inez_Boot_Eyelet_R_0_-1_Geometry
09:35:24 | INFO: Primitives created: 1
09:35:24 | INFO: Extracting primitive: Inez_Boot_Eyelet_R_0_1_Geometry
09:35:24 | INFO: Primitives created: 1
09:35:24 | INFO: Extracting primitive: Inez_Boot_Eyelet_R_1_-1_Geometry
09:35:24 | INFO: Primitives created: 1
09:35:24 | INFO: Extracting primitive: Inez_Boot_Eyelet_R_1_1_Geometry
09:35:24 | INFO: Primitives created: 1
09:35:24 | INFO: Extracting primitive: Inez_Boot_Eyelet_R_2_-1_Geometry
09:35:24 | INFO: Primitives created: 1
09:35:24 | INFO: Extracting primitive: Inez_Boot_Eyelet_R_2_1_Geometry
09:35:24 | INFO: Primitives created: 1
09:35:24 | INFO: Extracting primitive: Inez_Boot_Eyelet_R_3_-1_Geometry
09:35:24 | INFO: Primitives created: 1
09:35:24 | INFO: Extracting primitive: Inez_Boot_Eyelet_R_3_1_Geometry
09:35:24 | INFO: Primitives created: 1
09:35:24 | INFO: Extracting primitive: Inez_Boot_Eyelet_R_4_-1_Geometry
09:35:24 | INFO: Primitives created: 1
09:35:24 | INFO: Extracting primitive: Inez_Boot_Eyelet_R_4_1_Geometry
09:35:24 | INFO: Primitives created: 1
09:35:24 | INFO: Extracting primitive: Inez_Boot_Eyelet_R_5_-1_Geometry
09:35:24 | INFO: Primitives created: 1
09:35:24 | INFO: Extracting primitive: Inez_Boot_Eyelet_R_5_1_Geometry
09:35:24 | INFO: Primitives created: 1
09:35:24 | INFO: Extracting primitive: Inez_Boot_Eyelet_R_6_-1_Geometry
09:35:24 | INFO: Primitives created: 1
09:35:24 | INFO: Extracting primitive: Inez_Boot_Eyelet_R_6_1_Geometry
09:35:24 | INFO: Primitives created: 1
09:35:24 | INFO: Extracting primitive: Inez_Boot_L_Geometry
09:35:24 | INFO: Primitives created: 1
09:35:24 | INFO: Extracting primitive: Inez_Boot_Laces_L_Geometry
09:35:24 | INFO: Primitives created: 1
09:35:24 | INFO: Extracting primitive: Inez_Boot_Laces_R_Geometry
09:35:24 | INFO: Primitives created: 1
09:35:24 | INFO: Extracting primitive: Inez_Boot_R_Geometry
09:35:24 | INFO: Primitives created: 1
09:35:24 | INFO: Extracting primitive: Inez_Boot_Sole_L_Geometry
09:35:24 | INFO: Primitives created: 1
09:35:24 | INFO: Extracting primitive: Inez_Boot_Sole_R_Geometry
09:35:24 | INFO: Primitives created: 1
09:35:24 | INFO: Extracting primitive: Inez_Boot_SoleTread_L_Geometry
09:35:24 | INFO: Primitives created: 1
09:35:24 | INFO: Extracting primitive: Inez_Boot_SoleTread_R_Geometry
09:35:24 | INFO: Primitives created: 1
09:35:24 | INFO: Extracting primitive: Inez_Boot_StitchedPanels_L_Geometry
09:35:24 | INFO: Primitives created: 1
09:35:24 | INFO: Extracting primitive: Inez_Boot_StitchedPanels_R_Geometry
09:35:24 | INFO: Primitives created: 1
09:35:24 | INFO: Extracting primitive: Inez_Boot_Tongue_L_Geometry
09:35:24 | INFO: Primitives created: 1
09:35:24 | INFO: Extracting primitive: Inez_Boot_Tongue_R_Geometry
09:35:24 | INFO: Primitives created: 1
09:35:24 | INFO: Extracting primitive: Inez_Brows_L_Geometry
09:35:24 | INFO: Primitives created: 1
09:35:24 | INFO: Extracting primitive: Inez_Brows_R_Geometry
09:35:24 | INFO: Primitives created: 1
09:35:24 | INFO: Extracting primitive: Inez_ContinuousHumanMesh_UNAPPROVED_Geometry
09:35:25 | INFO: Primitives created: 1
09:35:25 | WARNING: There are more than 4 joint vertex influences.The 4 with highest weight will be used (and normalized).
09:35:25 | INFO: Extracting primitive: Inez_Cornea_L_Geometry
09:35:25 | INFO: Primitives created: 1
09:35:25 | INFO: Extracting primitive: Inez_Cornea_R_Geometry
09:35:25 | INFO: Primitives created: 1
09:35:25 | INFO: Extracting primitive: Inez_Crown_PulledCurlyLocks_Geometry
09:35:25 | INFO: Primitives created: 1
09:35:25 | INFO: Extracting primitive: Inez_Crown_WarmAccentLocks_Geometry
09:35:25 | INFO: Primitives created: 1
09:35:25 | INFO: Extracting primitive: EyeGeometry_L_Geometry
09:35:25 | INFO: Primitives created: 1
09:35:25 | INFO: Extracting primitive: EyeGeometry_R_Geometry
09:35:25 | INFO: Primitives created: 1
09:35:25 | INFO: Extracting primitive: Inez_FineSilverNecklace_Geometry
09:35:26 | INFO: Primitives created: 1
09:35:26 | INFO: Extracting primitive: Inez_FramingCurls_Geometry
09:35:26 | INFO: Primitives created: 1
09:35:26 | INFO: Extracting primitive: IrisQA_L_Mesh
09:35:26 | INFO: Primitives created: 1
09:35:26 | INFO: Extracting primitive: IrisQA_R_Mesh
09:35:26 | INFO: Primitives created: 1
09:35:26 | INFO: Extracting primitive: Inez_Jeans_Geometry
09:35:26 | INFO: Primitives created: 1
09:35:26 | INFO: Extracting primitive: Inez_Jeans_BeltLoop_0_Geometry
09:35:26 | INFO: Primitives created: 1
09:35:26 | INFO: Extracting primitive: Inez_Jeans_BeltLoop_1_Geometry
09:35:26 | INFO: Primitives created: 1
09:35:26 | INFO: Extracting primitive: Inez_Jeans_BeltLoop_2_Geometry
09:35:26 | INFO: Primitives created: 1
09:35:26 | INFO: Extracting primitive: Inez_Jeans_BeltLoop_3_Geometry
09:35:26 | INFO: Primitives created: 1
09:35:26 | INFO: Extracting primitive: Inez_Jeans_BeltLoop_4_Geometry
09:35:26 | INFO: Primitives created: 1
09:35:26 | INFO: Extracting primitive: Inez_Jeans_ButtonOrRivet_0_Geometry
09:35:26 | INFO: Primitives created: 1
09:35:26 | INFO: Extracting primitive: Inez_Jeans_ButtonOrRivet_1_Geometry
09:35:26 | INFO: Primitives created: 1
09:35:26 | INFO: Extracting primitive: Inez_Jeans_ButtonOrRivet_2_Geometry
09:35:26 | INFO: Primitives created: 1
09:35:26 | INFO: Extracting primitive: Inez_Jeans_ButtonOrRivet_3_Geometry
09:35:26 | INFO: Primitives created: 1
09:35:26 | INFO: Extracting primitive: Inez_Jeans_ButtonOrRivet_4_Geometry
09:35:26 | INFO: Primitives created: 1
09:35:26 | INFO: Extracting primitive: Inez_Jeans_RearPatchPocket_L_Geometry
09:35:26 | INFO: Primitives created: 1
09:35:26 | INFO: Extracting primitive: Inez_Jeans_RearPatchPocket_R_Geometry
09:35:26 | INFO: Primitives created: 1
09:35:26 | INFO: Extracting primitive: Inez_Jeans_SewnSeams_Geometry
09:35:26 | INFO: Primitives created: 1
09:35:26 | INFO: Extracting primitive: Inez_LashesLower_L_Geometry
09:35:26 | INFO: Primitives created: 1
09:35:26 | INFO: Extracting primitive: Inez_LashesLower_R_Geometry
09:35:26 | INFO: Primitives created: 1
09:35:26 | INFO: Extracting primitive: Inez_LashesUpper_L_Geometry
09:35:26 | INFO: Primitives created: 1
09:35:26 | INFO: Extracting primitive: Inez_LashesUpper_R_Geometry
09:35:26 | INFO: Primitives created: 1
09:35:26 | INFO: Extracting primitive: Inez_Ponytail_Curls_Geometry
09:35:27 | INFO: Primitives created: 1
09:35:27 | INFO: Extracting primitive: Inez_Ponytail_WarmAccentCurls_Geometry
09:35:27 | INFO: Primitives created: 1
09:35:27 | INFO: Extracting primitive: PupilQA_L_Mesh
09:35:27 | INFO: Primitives created: 1
09:35:27 | INFO: Extracting primitive: PupilQA_R_Mesh
09:35:27 | INFO: Primitives created: 1
09:35:27 | INFO: Extracting primitive: Inez_ScalpHair_Geometry
09:35:27 | INFO: Primitives created: 1
09:35:27 | INFO: Extracting primitive: Inez_Sweater_Geometry
09:35:27 | INFO: Primitives created: 1
09:35:27 | INFO: Extracting primitive: Inez_Sweater_CrewNeck_0_Geometry
09:35:27 | INFO: Primitives created: 1
09:35:27 | INFO: Extracting primitive: Inez_Sweater_Cuff_1_Geometry
09:35:27 | INFO: Primitives created: 1
09:35:27 | INFO: Extracting primitive: Inez_Sweater_Cuff_3_Geometry
09:35:27 | INFO: Primitives created: 1
09:35:27 | INFO: Extracting primitive: Inez_Sweater_RibbedHem_2_Geometry
09:35:27 | INFO: Primitives created: 1
09:35:27 | INFO: Extracting primitive: Inez_Tearline_L_Geometry
09:35:27 | INFO: Primitives created: 1
09:35:27 | INFO: Extracting primitive: Inez_Tearline_R_Geometry
09:35:27 | INFO: Primitives created: 1
09:35:27 | INFO: Extracting primitive: Inez_TinyUnknownMotifPendant_Geometry
09:35:27 | INFO: Primitives created: 1
09:35:27 | INFO: Extracting primitive: Inez_UnevenFineFlyaways_Geometry
09:35:28 | INFO: Primitives created: 1
09:35:28 | INFO: Finished glTF 2.0 export in 4.146916627883911 s

STABLE_DRESSED_SOURCE_READY
Blender 4.3.2
Read blend: "/workspace/assets/characters/inez/model/inez.blend"

Blender quit
