Info: Saved "inez_animated_v01.blend"
ERROR Draco mesh compression is not available because library could not be found at /usr/bin/4.3/python/lib/python3.13/site-packages/libextern_draco.so
09:47:41 | INFO: Starting glTF 2.0 export
09:47:41 | INFO: Extracting primitive: Inez_Boot_Eyelet_L_0_-1_Geometry
09:47:41 | INFO: Primitives created: 1
09:47:41 | INFO: Extracting primitive: Inez_Boot_Eyelet_L_0_1_Geometry
09:47:41 | INFO: Primitives created: 1
09:47:41 | INFO: Extracting primitive: Inez_Boot_Eyelet_L_1_-1_Geometry
09:47:41 | INFO: Primitives created: 1
09:47:41 | INFO: Extracting primitive: Inez_Boot_Eyelet_L_1_1_Geometry
09:47:41 | INFO: Primitives created: 1
09:47:41 | INFO: Extracting primitive: Inez_Boot_Eyelet_L_2_-1_Geometry
09:47:41 | INFO: Primitives created: 1
09:47:41 | INFO: Extracting primitive: Inez_Boot_Eyelet_L_2_1_Geometry
09:47:41 | INFO: Primitives created: 1
09:47:41 | INFO: Extracting primitive: Inez_Boot_Eyelet_L_3_-1_Geometry
09:47:41 | INFO: Primitives created: 1
09:47:41 | INFO: Extracting primitive: Inez_Boot_Eyelet_L_3_1_Geometry
09:47:41 | INFO: Primitives created: 1
09:47:41 | INFO: Extracting primitive: Inez_Boot_Eyelet_L_4_-1_Geometry
09:47:41 | INFO: Primitives created: 1
09:47:41 | INFO: Extracting primitive: Inez_Boot_Eyelet_L_4_1_Geometry
09:47:41 | INFO: Primitives created: 1
09:47:41 | INFO: Extracting primitive: Inez_Boot_Eyelet_L_5_-1_Geometry
09:47:41 | INFO: Primitives created: 1
09:47:41 | INFO: Extracting primitive: Inez_Boot_Eyelet_L_5_1_Geometry
09:47:41 | INFO: Primitives created: 1
09:47:41 | INFO: Extracting primitive: Inez_Boot_Eyelet_L_6_-1_Geometry
09:47:41 | INFO: Primitives created: 1
09:47:41 | INFO: Extracting primitive: Inez_Boot_Eyelet_L_6_1_Geometry
09:47:41 | INFO: Primitives created: 1
09:47:41 | INFO: Extracting primitive: Inez_Boot_Eyelet_R_0_-1_Geometry
09:47:41 | INFO: Primitives created: 1
09:47:41 | INFO: Extracting primitive: Inez_Boot_Eyelet_R_0_1_Geometry
09:47:41 | INFO: Primitives created: 1
09:47:41 | INFO: Extracting primitive: Inez_Boot_Eyelet_R_1_-1_Geometry
09:47:41 | INFO: Primitives created: 1
09:47:41 | INFO: Extracting primitive: Inez_Boot_Eyelet_R_1_1_Geometry
09:47:41 | INFO: Primitives created: 1
09:47:41 | INFO: Extracting primitive: Inez_Boot_Eyelet_R_2_-1_Geometry
09:47:41 | INFO: Primitives created: 1
09:47:41 | INFO: Extracting primitive: Inez_Boot_Eyelet_R_2_1_Geometry
09:47:41 | INFO: Primitives created: 1
09:47:41 | INFO: Extracting primitive: Inez_Boot_Eyelet_R_3_-1_Geometry
09:47:41 | INFO: Primitives created: 1
09:47:41 | INFO: Extracting primitive: Inez_Boot_Eyelet_R_3_1_Geometry
09:47:41 | INFO: Primitives created: 1
09:47:41 | INFO: Extracting primitive: Inez_Boot_Eyelet_R_4_-1_Geometry
09:47:41 | INFO: Primitives created: 1
09:47:41 | INFO: Extracting primitive: Inez_Boot_Eyelet_R_4_1_Geometry
09:47:41 | INFO: Primitives created: 1
09:47:41 | INFO: Extracting primitive: Inez_Boot_Eyelet_R_5_-1_Geometry
09:47:41 | INFO: Primitives created: 1
09:47:41 | INFO: Extracting primitive: Inez_Boot_Eyelet_R_5_1_Geometry
09:47:41 | INFO: Primitives created: 1
09:47:41 | INFO: Extracting primitive: Inez_Boot_Eyelet_R_6_-1_Geometry
09:47:41 | INFO: Primitives created: 1
09:47:41 | INFO: Extracting primitive: Inez_Boot_Eyelet_R_6_1_Geometry
09:47:41 | INFO: Primitives created: 1
09:47:41 | INFO: Extracting primitive: Inez_Boot_L_Geometry
09:47:41 | INFO: Primitives created: 1
09:47:41 | INFO: Extracting primitive: Inez_Boot_Laces_L_Geometry
09:47:41 | INFO: Primitives created: 1
09:47:41 | INFO: Extracting primitive: Inez_Boot_Laces_R_Geometry
09:47:41 | INFO: Primitives created: 1
09:47:41 | INFO: Extracting primitive: Inez_Boot_R_Geometry
09:47:41 | INFO: Primitives created: 1
09:47:41 | INFO: Extracting primitive: Inez_Boot_Sole_L_Geometry
09:47:41 | INFO: Primitives created: 1
09:47:41 | INFO: Extracting primitive: Inez_Boot_Sole_R_Geometry
09:47:41 | INFO: Primitives created: 1
09:47:41 | INFO: Extracting primitive: Inez_Boot_SoleTread_L_Geometry
09:47:41 | INFO: Primitives created: 1
09:47:41 | INFO: Extracting primitive: Inez_Boot_SoleTread_R_Geometry
09:47:41 | INFO: Primitives created: 1
09:47:41 | INFO: Extracting primitive: Inez_Boot_StitchedPanels_L_Geometry
09:47:41 | INFO: Primitives created: 1
09:47:41 | INFO: Extracting primitive: Inez_Boot_StitchedPanels_R_Geometry
09:47:41 | INFO: Primitives created: 1
09:47:41 | INFO: Extracting primitive: Inez_Boot_Tongue_L_Geometry
09:47:41 | INFO: Primitives created: 1
09:47:41 | INFO: Extracting primitive: Inez_Boot_Tongue_R_Geometry
09:47:41 | INFO: Primitives created: 1
09:47:41 | INFO: Extracting primitive: Inez_Brows_L_Geometry
09:47:41 | INFO: Primitives created: 1
09:47:41 | INFO: Extracting primitive: Inez_Brows_R_Geometry
09:47:41 | INFO: Primitives created: 1
09:47:41 | INFO: Extracting primitive: Inez_ContinuousHumanMesh_UNAPPROVED_Geometry
09:47:42 | INFO: Primitives created: 1
09:47:42 | INFO: Extracting primitive: Inez_Cornea_L_Geometry
09:47:42 | INFO: Primitives created: 1
09:47:42 | INFO: Extracting primitive: Inez_Cornea_R_Geometry
09:47:42 | INFO: Primitives created: 1
09:47:42 | INFO: Extracting primitive: Inez_Crown_PulledCurlyLocks_Geometry
09:47:43 | INFO: Primitives created: 1
09:47:43 | INFO: Extracting primitive: Inez_Crown_WarmAccentLocks_Geometry
09:47:43 | INFO: Primitives created: 1
09:47:43 | INFO: Extracting primitive: EyeGeometry_L_Geometry
09:47:43 | INFO: Primitives created: 1
09:47:43 | INFO: Extracting primitive: EyeGeometry_R_Geometry
09:47:43 | INFO: Primitives created: 1
09:47:43 | INFO: Extracting primitive: Inez_FineSilverNecklace_Geometry
09:47:43 | INFO: Primitives created: 1
09:47:43 | INFO: Extracting primitive: Inez_FramingCurls_Geometry
09:47:43 | INFO: Primitives created: 1
09:47:43 | INFO: Extracting primitive: IrisQA_L_Mesh
09:47:43 | INFO: Primitives created: 1
09:47:43 | INFO: Extracting primitive: IrisQA_R_Mesh
09:47:43 | INFO: Primitives created: 1
09:47:43 | INFO: Extracting primitive: Inez_Jeans_Geometry
09:47:43 | INFO: Primitives created: 1
09:47:43 | INFO: Extracting primitive: Inez_Jeans_BeltLoop_0_Geometry
09:47:43 | INFO: Primitives created: 1
09:47:43 | INFO: Extracting primitive: Inez_Jeans_BeltLoop_1_Geometry
09:47:43 | INFO: Primitives created: 1
09:47:43 | INFO: Extracting primitive: Inez_Jeans_BeltLoop_2_Geometry
09:47:43 | INFO: Primitives created: 1
09:47:43 | INFO: Extracting primitive: Inez_Jeans_BeltLoop_3_Geometry
09:47:43 | INFO: Primitives created: 1
09:47:43 | INFO: Extracting primitive: Inez_Jeans_BeltLoop_4_Geometry
09:47:43 | INFO: Primitives created: 1
09:47:43 | INFO: Extracting primitive: Inez_Jeans_ButtonOrRivet_0_Geometry
09:47:43 | INFO: Primitives created: 1
09:47:43 | INFO: Extracting primitive: Inez_Jeans_ButtonOrRivet_1_Geometry
09:47:43 | INFO: Primitives created: 1
09:47:43 | INFO: Extracting primitive: Inez_Jeans_ButtonOrRivet_2_Geometry
09:47:43 | INFO: Primitives created: 1
09:47:43 | INFO: Extracting primitive: Inez_Jeans_ButtonOrRivet_3_Geometry
09:47:43 | INFO: Primitives created: 1
09:47:43 | INFO: Extracting primitive: Inez_Jeans_ButtonOrRivet_4_Geometry
09:47:43 | INFO: Primitives created: 1
09:47:43 | INFO: Extracting primitive: Inez_Jeans_RearPatchPocket_L_Geometry
09:47:43 | INFO: Primitives created: 1
09:47:43 | INFO: Extracting primitive: Inez_Jeans_RearPatchPocket_R_Geometry
09:47:43 | INFO: Primitives created: 1
09:47:43 | INFO: Extracting primitive: Inez_Jeans_SewnSeams_Geometry
09:47:44 | INFO: Primitives created: 1
09:47:44 | INFO: Extracting primitive: Inez_LashesLower_L_Geometry
09:47:44 | INFO: Primitives created: 1
09:47:44 | INFO: Extracting primitive: Inez_LashesLower_R_Geometry
09:47:44 | INFO: Primitives created: 1
09:47:44 | INFO: Extracting primitive: Inez_LashesUpper_L_Geometry
09:47:44 | INFO: Primitives created: 1
09:47:44 | INFO: Extracting primitive: Inez_LashesUpper_R_Geometry
09:47:44 | INFO: Primitives created: 1
09:47:44 | INFO: Extracting primitive: Inez_Ponytail_Curls_Geometry
09:47:44 | INFO: Primitives created: 1
09:47:44 | INFO: Extracting primitive: Inez_Ponytail_WarmAccentCurls_Geometry
09:47:44 | INFO: Primitives created: 1
09:47:44 | INFO: Extracting primitive: PupilQA_L_Mesh
09:47:44 | INFO: Primitives created: 1
09:47:44 | INFO: Extracting primitive: PupilQA_R_Mesh
09:47:44 | INFO: Primitives created: 1
09:47:44 | INFO: Extracting primitive: Inez_ScalpHair_Geometry
09:47:44 | INFO: Primitives created: 1
09:47:44 | INFO: Extracting primitive: Inez_Sweater_Geometry
09:47:45 | INFO: Primitives created: 1
09:47:45 | INFO: Extracting primitive: Inez_Sweater_CrewNeck_0_Geometry
09:47:45 | INFO: Primitives created: 1
09:47:45 | INFO: Extracting primitive: Inez_Sweater_Cuff_1_Geometry
09:47:45 | INFO: Primitives created: 1
09:47:45 | INFO: Extracting primitive: Inez_Sweater_Cuff_3_Geometry
09:47:45 | INFO: Primitives created: 1
09:47:45 | INFO: Extracting primitive: Inez_Sweater_RibbedHem_2_Geometry
09:47:45 | INFO: Primitives created: 1
09:47:45 | INFO: Extracting primitive: Inez_Tearline_L_Geometry
09:47:45 | INFO: Primitives created: 1
09:47:45 | INFO: Extracting primitive: Inez_Tearline_R_Geometry
09:47:45 | INFO: Primitives created: 1
09:47:45 | INFO: Extracting primitive: Inez_TinyUnknownMotifPendant_Geometry
09:47:45 | INFO: Primitives created: 1
09:47:45 | INFO: Extracting primitive: Inez_UnevenFineFlyaways_Geometry
09:47:45 | INFO: Primitives created: 1
09:48:13 | INFO: Finished glTF 2.0 export in 32.36801195144653 s

INEZ_ANIMATION_MANIFEST {"status": "editable rig/animation prototype", "animated_blend": "/workspace/assets/characters/inez/model/work/inez_animated_v01.blend", "animated_glb": "/workspace/assets/characters/inez/model/work/inez_animated_v01.glb", "bone_count": 166, "weight_failures": [], "export_size_bytes": 38734360}
Blender 4.3.2
Read blend: "/workspace/assets/characters/inez/model/work/inez_dressed_v03.blend"

Blender quit
